###############################################################################
#
# IAR ELF Linker V7.80.4.12462/W32 for ARM                23/Apr/2019  13:28:19
# Copyright 2007-2017 IAR Systems AB.
###############################################################################

*******************************************************************************
*** MODULE SUMMARY
***

 	Module                    ro code  ro data  rw data
    ------                    -------  -------  -------
\\Mac\Home\Desktop\kenobi\072-module-16k6mic2c-48k2c-sn\EWARM\Debug\Obj: [1]
    dac.o                         136       68       20
    hd_version.o                   96                 1
    led.o                          64
    main.o                      1 104       76      588
    nau85l04.o                    160      208        4
    ---------------------------------------------------
    Total:                     26 562      884    5 262
    Linker created                          32    4 096
-------------------------------------------------------
    Grand Total:               34 388    1 120    9 766
